// Jest Snapshot v1, https://goo.gl/fbAQLP

exports[`Unit Tests - Constants and Configuration DEFAULT_HEADERS should have correct structure and dynamic values 1`] = `
{
  "Content-Type": "application/json",
  "User-Agent": "@deepgram/sdk/[VERSION]-automated node/[VERSION]",
  "X-Client-Info": "@deepgram/sdk; server; v[VERSION]-automated",
}
`;

exports[`Unit Tests - Constants and Configuration DEFAULT_URL and DEFAULT_OPTIONS should have correct default configuration 1`] = `
{
  "DEFAULT_OPTIONS_STRUCTURE": {
    "agentHasFetch": true,
    "agentHasWebsocket": true,
    "globalHasFetch": true,
    "globalHasWebsocket": true,
    "hasAgent": true,
    "hasGlobal": true,
  },
  "DEFAULT_URL": "https://api.deepgram.com",
}
`;

exports[`Unit Tests - Constants and Configuration Enums should have correct enum values 1`] = `
{
  "CONNECTION_STATE": {
    "Closed": "closed",
    "Closing": "closing",
    "Connecting": "connecting",
    "Open": "open",
  },
  "SOCKET_STATES": {
    "0": "connecting",
    "1": "open",
    "2": "closing",
    "3": "closed",
    "closed": 3,
    "closing": 2,
    "connecting": 0,
    "open": 1,
  },
}
`;
