// Jest Snapshot v1, https://goo.gl/fbAQLP

exports[`Unit Tests - URL Building Utilities buildRequestUrl should build URLs with various options 1`] = `
[
  {
    "input": {
      "baseUrl": "https://api.deepgram.com",
      "endpoint": "v1/listen",
      "options": {
        "language": "en-US",
        "model": "nova-2",
      },
    },
    "output": {
      "href": "https://api.deepgram.com/v1/listen?language=en-US&model=nova-2",
      "searchParams": "language=en-US&model=nova-2",
    },
  },
  {
    "input": {
      "baseUrl": "https://api.deepgram.com/",
      "endpoint": "v1/listen",
      "options": {
        "punctuate": true,
        "smart_format": false,
      },
    },
    "output": {
      "href": "https://api.deepgram.com/v1/listen?punctuate=true&smart_format=false",
      "searchParams": "punctuate=true&smart_format=false",
    },
  },
  {
    "input": {
      "baseUrl": "https://api.deepgram.com",
      "endpoint": "v1/speak",
      "options": {
        "keywords": [
          "hello",
          "world",
        ],
      },
    },
    "output": {
      "href": "https://api.deepgram.com/v1/speak?keywords=hello&keywords=world",
      "searchParams": "keywords=hello&keywords=world",
    },
  },
  {
    "input": {
      "baseUrl": "https://api.deepgram.com",
      "endpoint": "v1/listen",
      "options": {},
    },
    "output": {
      "href": "https://api.deepgram.com/v1/listen",
      "searchParams": "",
    },
  },
]
`;
