// Jest Snapshot v1, https://goo.gl/fbAQLP

exports[`listen transcribeFile E2E should transcribe audio from file and match expected response structure: listen-transcribeFile-response-structure 1`] = `
{
  "metadata": {
    "channels": "<number>",
    "created": "<string>",
    "duration": "<number>",
    "model_info": {
      "mock-model-uuid": {
        "arch": "<string>",
        "name": "<string>",
        "version": "<string>"
      }
    },
    "models": [
      "<string>"
    ],
    "request_id": "<string>",
    "sha256": "<string>",
    "transaction_key": "<string>"
  },
  "results": {
    "channels": [
      {
        "alternatives": [
          {
            "confidence": "<number>",
            "paragraphs": {
              "paragraphs": [
                {
                  "end": "<number>",
                  "num_words": "<number>",
                  "sentences": [
                    {
                      "end": "<number>",
                      "start": "<number>",
                      "text": "<string>"
                    }
                  ],
                  "start": "<number>"
                }
              ],
              "transcript": "<string>"
            },
            "transcript": "<string>",
            "words": [
              {
                "confidence": "<number>",
                "end": "<number>",
                "punctuated_word": "<string>",
                "start": "<number>",
                "word": "<string>"
              }
            ]
          }
        ]
      }
    ]
  }
}
`;
