// Jest Snapshot v1, https://goo.gl/fbAQLP

exports[`manage getProjectUsageRequests E2E should retrieve usage requests for a specific project with basic options: manage-getProjectUsageRequests-response-structure 1`] = `
{
  "error": null,
  "result": {
    "limit": "<number>",
    "page": "<number>",
    "requests": [
      {
        "api_key_id": "<string>",
        "created": "<string>",
        "path": "<string>",
        "request_id": "<string>",
        "response": {
          "code": "<number>",
          "completed": "<string>",
          "details": {
            "channels": "<number>",
            "duration": "<number>",
            "method": "<string>",
            "models": [
              "<string>"
            ],
            "total_audio": "<number>",
            "usd": "<number>"
          }
        }
      }
    ]
  }
}
`;
