// Jest Snapshot v1, https://goo.gl/fbAQLP

exports[`manage getModel E2E should get a different project model: manage-getModel-tts-response-structure 1`] = `
{
  "architecture": "<string>",
  "canonical_name": "<string>",
  "languages": [
    "<string>"
  ],
  "name": "<string>",
  "uuid": "<string>",
  "version": "<string>"
}
`;

exports[`manage getModel E2E should get a specific project model: manage-getModel-stt-response-structure 1`] = `
{
  "architecture": "<string>",
  "canonical_name": "<string>",
  "languages": [
    "<string>"
  ],
  "name": "<string>",
  "uuid": "<string>",
  "version": "<string>"
}
`;
