// Jest Snapshot v1, https://goo.gl/fbAQLP

exports[`manage getProjectKeys E2E should retrieve all project keys for a specific project: manage-getProjectKeys-response-structure 1`] = `
{
  "error": null,
  "result": {
    "api_keys": [
      {
        "api_key": {
          "api_key_id": "<string>",
          "comment": "<string>",
          "created": "<string>",
          "scopes": [
            "<string>"
          ]
        },
        "member": {
          "email": "<string>",
          "first_name": "<string>",
          "last_name": "<string>",
          "member_id": "<string>"
        }
      }
    ]
  }
}
`;
