// Jest Snapshot v1, https://goo.gl/fbAQLP

exports[`manage getAllModels E2E should get all project models with basic options: manage-getAllModels-basic-response-structure 1`] = `
{
  "stt": [
    {
      "architecture": "<string>",
      "canonical_name": "<string>",
      "languages": [
        "<string>"
      ],
      "name": "<string>",
      "uuid": "<string>",
      "version": "<string>"
    }
  ],
  "tts": [
    {
      "architecture": "<string>",
      "canonical_name": "<string>",
      "languages": [
        "<string>"
      ],
      "name": "<string>",
      "uuid": "<string>",
      "version": "<string>"
    }
  ]
}
`;

exports[`manage getAllModels E2E should get all project models with filtered options: manage-getAllModels-filtered-response-structure 1`] = `
{
  "stt": [
    {
      "architecture": "<string>",
      "canonical_name": "<string>",
      "languages": [
        "<string>"
      ],
      "name": "<string>",
      "uuid": "<string>",
      "version": "<string>"
    }
  ],
  "tts": [
    {
      "architecture": "<string>",
      "canonical_name": "<string>",
      "languages": [
        "<string>"
      ],
      "name": "<string>",
      "uuid": "<string>",
      "version": "<string>"
    }
  ]
}
`;
