// Jest Snapshot v1, https://goo.gl/fbAQLP

exports[`manage getProjectUsageRequest E2E should retrieve a specific usage request by ID: manage-getProjectUsageRequest-response-structure 1`] = `
{
  "error": null,
  "result": {
    "api_key_id": "<string>",
    "created": "<string>",
    "path": "<string>",
    "request_id": "<string>",
    "response": {
      "code": "<number>",
      "completed": "<string>",
      "details": {
        "channels": "<number>",
        "duration": "<number>",
        "method": "<string>",
        "models": [
          "<string>"
        ],
        "total_audio": "<number>",
        "usd": "<number>"
      }
    }
  }
}
`;
