// Jest Snapshot v1, https://goo.gl/fbAQLP

exports[`manage getProjectUsageSummary E2E should retrieve usage summary for a specific project with basic options: manage-getProjectUsageSummary-response-structure 1`] = `
{
  "error": null,
  "result": {
    "end": "<string>",
    "resolution": {
      "amount": "<number>",
      "units": "<string>"
    },
    "results": [
      {
        "end": "<string>",
        "hours": "<number>",
        "requests": "<number>",
        "start": "<string>",
        "total_hours": "<number>"
      }
    ],
    "start": "<string>"
  }
}
`;
