// Jest Snapshot v1, https://goo.gl/fbAQLP

exports[`manage getProjects E2E should retrieve all projects for the authenticated user: manage-getProjects-response-structure 1`] = `
{
  "error": null,
  "result": {
    "projects": [
      {
        "name": "<string>",
        "project_id": "<string>"
      }
    ]
  }
}
`;
