// Jest Snapshot v1, https://goo.gl/fbAQLP

exports[`manage getProjectMembers E2E should retrieve all project members for a specific project: manage-getProjectMembers-response-structure 1`] = `
{
  "error": null,
  "result": {
    "members": [
      {
        "email": "<string>",
        "first_name": "<string>",
        "last_name": "<string>",
        "member_id": "<string>",
        "scopes": [
          "<string>"
        ]
      }
    ]
  }
}
`;
