// Jest Snapshot v1, https://goo.gl/fbAQLP

exports[`models getModel E2E should retrieve specific model information: models-getModel-response-structure 1`] = `
{
  "architecture": "<string>",
  "batch": "<boolean>",
  "canonical_name": "<string>",
  "languages": [
    "<string>"
  ],
  "metadata": {
    "description": "<string>",
    "tier": "<string>"
  },
  "name": "<string>",
  "streaming": "<boolean>",
  "uuid": "<string>",
  "version": "<string>"
}
`;
