// Jest Snapshot v1, https://goo.gl/fbAQLP

exports[`selfhosted createCredentials E2E should create new self-hosted credentials: selfhosted-createCredentials-response-structure 1`] = `
{
  "distribution_credentials": {
    "comment": "<string>",
    "created": "<string>",
    "distribution_credentials_id": "<string>",
    "provider": "<string>",
    "scopes": [
      "<string>"
    ]
  },
  "member": {
    "email": "<string>",
    "member_id": "<string>"
  }
}
`;
