// Jest Snapshot v1, https://goo.gl/fbAQLP

exports[`selfhosted getCredentials E2E should retrieve specific self-hosted credentials: selfhosted-getCredentials-response-structure 1`] = `
{
  "distribution_credentials": {
    "comment": "<string>",
    "created": "<string>",
    "distribution_credentials_id": "<string>",
    "provider": "<string>",
    "scopes": [
      "<string>"
    ]
  },
  "member": {
    "email": "<string>",
    "member_id": "<string>"
  }
}
`;
