// Jest Snapshot v1, https://goo.gl/fbAQLP

exports[`selfhosted listCredentials E2E should list self-hosted credentials: selfhosted-listCredentials-response-structure 1`] = `
{
  "distribution_credentials": [
    {
      "distribution_credentials": {
        "comment": "<string>",
        "created": "<string>",
        "distribution_credentials_id": "<string>",
        "provider": "<string>",
        "scopes": [
          "<string>"
        ]
      },
      "member": {
        "email": "<string>",
        "member_id": "<string>"
      }
    }
  ]
}
`;
